TAP version 13
# Subtest: v94 crossing a source TTL boundary inside one iteration cannot split a same-deadline batch
not ok 1 - v94 crossing a source TTL boundary inside one iteration cannot split a same-deadline batch
  ---
  duration_ms: 18.526932
  type: 'test'
  location: '/mnt/data/implementation/qqqsp-v2.13.0/tests/v2/v94-batch-clock.test.mjs:4:1'
  failureType: 'testCodeFailure'
  error: '["https://hq.sinajs.cn/list=gb_nvda,gb_lite","https://hq.sinajs.cn/list=gb_lite"]'
  code: 'ERR_ASSERTION'
  name: 'AssertionError'
  expected: true
  actual: false
  operator: '=='
  stack: |-
    TestContext.<anonymous> (file:///mnt/data/implementation/qqqsp-v2.13.0/tests/v2/v94-batch-clock.test.mjs:9:9)
    async Test.run (node:internal/test_runner/test:1054:7)
    async startSubtestAfterBootstrap (node:internal/test_runner/harness:296:3)
  ...
1..1
# tests 1
# suites 0
# pass 0
# fail 1
# cancelled 0
# skipped 0
# todo 0
# duration_ms 80.164374
